 argument  1 = nwchem.nw



============================== echo of input deck ==============================
echo
memory 300 mb
geometry
zmat
 N
 H 1 1.008
 H 1 1.008 2 105.0
end
end

basis cartesian
* library cc-pVDZ
end

scf
rohf
nopen 1
thresh 1.0e-8
end

task scf energy

================================================================================


                                         
                                         


              Northwest Computational Chemistry Package (NWChem) 6.8
              ------------------------------------------------------


                    Environmental Molecular Sciences Laboratory
                       Pacific Northwest National Laboratory
                                Richland, WA 99352

                              Copyright (c) 1994-2017
                       Pacific Northwest National Laboratory
                            Battelle Memorial Institute

             NWChem is an open-source computational chemistry package
                        distributed under the terms of the
                      Educational Community License (ECL) 2.0
             A copy of the license is included with this distribution
                              in the LICENSE.TXT file

                                  ACKNOWLEDGMENT
                                  --------------

            This software and its documentation were developed at the
            EMSL at Pacific Northwest National Laboratory, a multiprogram
            national laboratory, operated for the U.S. Department of Energy
            by Battelle under Contract Number DE-AC05-76RL01830. Support
            for this work was provided by the Department of Energy Office
            of Biological and Environmental Research, Office of Basic
            Energy Sciences, and the Office of Advanced Scientific Computing.


           Job information
           ---------------

    hostname        = twizzler.student.iastate.edu
    program         = nwchem
    date            = Thu Oct 25 16:53:31 2018

    compiled        = Wed_Oct_17_13:01:00_2018
    source          = /Users/alolinco/nwchem-6.8
    nwchem branch   = 6.8
    nwchem revision = v6.8-47-gdf6c95650
    ga revision     = ga-5.6.3
    use scalapack   = F
    input           = nwchem.nw
    prefix          = nwchem.
    data base       = ./nwchem.db
    status          = restart
    nproc           =        1
    time left       =     -1s



           Memory information
           ------------------

    heap     =    9830396 doubles =     75.0 Mbytes
    stack    =    9830401 doubles =     75.0 Mbytes
    global   =   19660800 doubles =    150.0 Mbytes (distinct from heap & stack)
    total    =   39321597 doubles =    300.0 Mbytes
    verify   = yes
    hardfail = no 


           Directory information
           ---------------------

  0 permanent = .
  0 scratch   = .


           Previous task information
           -------------------------

    Theory    = scf                             
    Operation = energy                        
    Status    = ok                            
    Qmmm      = F
    Ignore    = F


           Geometries in the database
           --------------------------

       Name                              Natoms  Last Modified
       --------------------------------  ------  ------------------------
    1  geometry                               3  Thu Oct 25 16:53:12 2018  

  The geometry named "geometry" is the default for restart



           Basis sets in the database
           --------------------------

       Name                              Natoms  Last Modified
        --------------------------------  ------  ------------------------
    1  ao basis                               0  Thu Oct 25 16:53:12 2018  

  The basis set named "ao basis" is the default AO basis for restart




                                NWChem Input Module
                                -------------------



 Scaling coordinates for geometry "geometry" by  1.889725989
 (inverse scale =  0.529177249)

 C2V symmetry detected


                             Geometry "geometry" -> ""
                             -------------------------

 Output coordinates in angstroms (scale by  1.889725989 to convert to a.u.)

  No.       Tag          Charge          X              Y              Z
 ---- ---------------- ---------- -------------- -------------- --------------
    1 N                    7.0000     0.00000000     0.00000000    -0.13636256
    2 H                    1.0000    -0.79970017     0.00000000     0.47726896
    3 H                    1.0000     0.79970017     0.00000000     0.47726896

      Atomic Mass 
      ----------- 

      N                 14.003070
      H                  1.007825


 Effective nuclear repulsion energy (a.u.)       7.6805437979

            Nuclear Dipole moment (a.u.) 
            ----------------------------
        X                 Y               Z
 ---------------- ---------------- ----------------
     0.0000000000     0.0000000000     0.0000000000

      Symmetry information
      --------------------

 Group name             C2v       
 Group number             16
 Group order               4
 No. of unique centers     2

      Symmetry unique atoms

     1    2



                                Z-matrix (user)
                                -------- 

 Units are Angstrom for bonds and degrees for angles

      Type          Name      I     J     K     L     M      Value
      ----------- --------  ----- ----- ----- ----- ----- ----------
    1 Stretch                  2     1                       1.00800
    2 Stretch                  3     1                       1.00800
    3 Bend                     3     1     2               105.00000


            XYZ format geometry
            -------------------
     3
 geometry
 N                     0.00000000     0.00000000    -0.13636256
 H                    -0.79970017     0.00000000     0.47726896
 H                     0.79970017     0.00000000     0.47726896

 ==============================================================================
                                internuclear distances
 ------------------------------------------------------------------------------
       center one      |      center two      | atomic units |  angstroms
 ------------------------------------------------------------------------------
    2 H                |   1 N                |     1.90484  |     1.00800
    3 H                |   1 N                |     1.90484  |     1.00800
 ------------------------------------------------------------------------------
                         number of included internuclear distances:          2
 ==============================================================================



 ==============================================================================
                                 internuclear angles
 ------------------------------------------------------------------------------
        center 1       |       center 2       |       center 3       |  degrees
 ------------------------------------------------------------------------------
    2 H                |   1 N                |   3 H                |   105.00
 ------------------------------------------------------------------------------
                            number of included internuclear angles:          1
 ==============================================================================





 Summary of "ao basis" -> "" (cartesian)
 ------------------------------------------------------------------------------
       Tag                 Description            Shells   Functions and Types
 ---------------- ------------------------------  ------  ---------------------
 *                          cc-pVDZ                   on all atoms 


                      Basis "ao basis" -> "ao basis" (cartesian)
                      -----
  N (Nitrogen)
  ------------
            Exponent  Coefficients 
       -------------- ---------------------------------------------------------
  1 S  9.04600000E+03  0.000700
  1 S  1.35700000E+03  0.005389
  1 S  3.09300000E+02  0.027406
  1 S  8.77300000E+01  0.103207
  1 S  2.85600000E+01  0.278723
  1 S  1.02100000E+01  0.448540
  1 S  3.83800000E+00  0.278238
  1 S  7.46600000E-01  0.015440

  2 S  9.04600000E+03 -0.000153
  2 S  1.35700000E+03 -0.001208
  2 S  3.09300000E+02 -0.005992
  2 S  8.77300000E+01 -0.024544
  2 S  2.85600000E+01 -0.067459
  2 S  1.02100000E+01 -0.158078
  2 S  3.83800000E+00 -0.121831
  2 S  7.46600000E-01  0.549003

  3 S  2.24800000E-01  1.000000

  4 P  1.35500000E+01  0.039919
  4 P  2.91700000E+00  0.217169
  4 P  7.97300000E-01  0.510319

  5 P  2.18500000E-01  1.000000

  6 D  8.17000000E-01  1.000000

  H (Hydrogen)
  ------------
            Exponent  Coefficients 
       -------------- ---------------------------------------------------------
  1 S  1.30100000E+01  0.019685
  1 S  1.96200000E+00  0.137977
  1 S  4.44600000E-01  0.478148

  2 S  1.22000000E-01  1.000000

  3 P  7.27000000E-01  1.000000



 Summary of "ao basis" -> "ao basis" (cartesian)
 ------------------------------------------------------------------------------
       Tag                 Description            Shells   Functions and Types
 ---------------- ------------------------------  ------  ---------------------
 N                          cc-pVDZ                  6       15   3s2p1d
 H                          cc-pVDZ                  3        5   2s1p


                                 NWChem SCF Module
                                 -----------------



  ao basis        = "ao basis"
  functions       =    25
  atoms           =     3
  closed shells   =     4
  open shells     =     1
  charge          =   0.00
  wavefunction    = ROHF
  input vectors   = ./nwchem.movecs
  output vectors  = ./nwchem.movecs
  use symmetry    = T
  symmetry adapt  = T


 Summary of "ao basis" -> "ao basis" (cartesian)
 ------------------------------------------------------------------------------
       Tag                 Description            Shells   Functions and Types
 ---------------- ------------------------------  ------  ---------------------
 N                          cc-pVDZ                  6       15   3s2p1d
 H                          cc-pVDZ                  3        5   2s1p


      Symmetry analysis of basis
      --------------------------

        a1         12
        a2          2
        b1          7
        b2          4


 Forming initial guess at       0.0s


 Loading old vectors from job with title :




      Symmetry analysis of molecular orbitals - initial
      -------------------------------------------------

  Numbering of irreducible representations: 

     1 a1          2 a2          3 b1          4 b2      

  Orbital symmetries:

     1 a1          2 a1          3 b1          4 a1          5 b2      
     6 a1          7 b1          8 b1          9 a1         10 a1      
    11 b2         12 b1         13 a1         14 a2         15 a1      


 Starting SCF solution at       0.0s



 ----------------------------------------------
         Quadratically convergent ROHF

 Convergence threshold     :          1.000E-08
 Maximum no. of iterations :           30
 Final Fock-matrix accuracy:          1.000E-10
 ----------------------------------------------


 #quartets = 1.953D+03 #integrals = 1.805D+04 #direct =  0.0% #cached =100.0%


 Integral file          = ./nwchem.aoints.0
 Record size in doubles =    65536    No. of integs per rec  =    43688
 Max. records in memory =        2    Max. records in file   =  1823959
 No. of bits per label  =        8    No. of bits per value  =       64


              iter       energy          gnorm     gmax       time
             ----- ------------------- --------- --------- --------
                 1      -55.5629496563  6.53D-10  3.08D-10      0.1


       Final ROHF results 
       ------------------ 

         Total SCF energy =    -55.562949656313
      One-electron energy =    -90.433988138365
      Two-electron energy =     27.190494684196
 Nuclear repulsion energy =      7.680543797856

        Time for solution =      0.1s



       Symmetry analysis of molecular orbitals - final
       -----------------------------------------------

  Numbering of irreducible representations: 

     1 a1          2 a2          3 b1          4 b2      

  Orbital symmetries:

     1 a1          2 a1          3 b1          4 a1          5 b2      
     6 a1          7 b1          8 b1          9 a1         10 a1      
    11 b2         12 b1         13 a1         14 a2         15 a1      

             Final eigenvalues
             -----------------

              1      
    1  -15.5712
    2   -1.1000
    3   -0.6347
    4   -0.4733
    5   -0.1581
    6    0.1893
    7    0.2620
    8    0.7369
    9    0.8350
   10    0.9593
   11    0.9873
   12    1.0690
   13    1.2325
   14    1.4047
   15    1.4555

                       ROHF Final Molecular Orbital Analysis
                       -------------------------------------

 Vector    2  Occ=2.000000D+00  E=-1.099960D+00  Symmetry=a1
              MO Center= -9.6D-17, -2.8D-18,  1.1D-01, r^2= 6.5D-01
   Bfn.  Coefficient  Atom+Function         Bfn.  Coefficient  Atom+Function  
  ----- ------------  ---------------      ----- ------------  ---------------
     2      0.417213  1 N  s                  3      0.334452  1 N  s          
    16      0.225124  2 H  s                 21      0.225124  3 H  s          

 Vector    3  Occ=2.000000D+00  E=-6.346665D-01  Symmetry=b1
              MO Center=  1.3D-16,  1.7D-19,  1.4D-01, r^2= 9.4D-01
   Bfn.  Coefficient  Atom+Function         Bfn.  Coefficient  Atom+Function  
  ----- ------------  ---------------      ----- ------------  ---------------
     4      0.456853  1 N  px                16     -0.329443  2 H  s          
    21      0.329443  3 H  s                  7      0.208598  1 N  px         

 Vector    4  Occ=2.000000D+00  E=-4.732690D-01  Symmetry=a1
              MO Center= -2.2D-16,  5.3D-17, -2.6D-01, r^2= 8.4D-01
   Bfn.  Coefficient  Atom+Function         Bfn.  Coefficient  Atom+Function  
  ----- ------------  ---------------      ----- ------------  ---------------
     6      0.517419  1 N  pz                 3     -0.405768  1 N  s          
     9      0.381362  1 N  pz                 2     -0.179453  1 N  s          
    16      0.179715  2 H  s                 21      0.179715  3 H  s          

 Vector    5  Occ=1.000000D+00  E=-1.581231D-01  Symmetry=b2
              MO Center= -2.4D-17, -2.0D-18, -1.1D-01, r^2= 7.5D-01
   Bfn.  Coefficient  Atom+Function         Bfn.  Coefficient  Atom+Function  
  ----- ------------  ---------------      ----- ------------  ---------------
     5      0.634159  1 N  py                 8      0.491703  1 N  py         

 Vector    6  Occ=0.000000D+00  E= 1.892845D-01  Symmetry=a1
              MO Center=  1.5D-16, -1.1D-17,  7.0D-01, r^2= 3.4D+00
   Bfn.  Coefficient  Atom+Function         Bfn.  Coefficient  Atom+Function  
  ----- ------------  ---------------      ----- ------------  ---------------
     3      1.400999  1 N  s                 17     -1.032566  2 H  s          
    22     -1.032566  3 H  s                  9      0.466972  1 N  pz         
     6      0.184813  1 N  pz         

 Vector    7  Occ=0.000000D+00  E= 2.620340D-01  Symmetry=b1
              MO Center=  1.1D-16, -1.2D-32,  6.9D-01, r^2= 3.7D+00
   Bfn.  Coefficient  Atom+Function         Bfn.  Coefficient  Atom+Function  
  ----- ------------  ---------------      ----- ------------  ---------------
    17      1.560484  2 H  s                 22     -1.560484  3 H  s          
     7      0.871394  1 N  px                 4      0.298919  1 N  px         

 Vector    8  Occ=0.000000D+00  E= 7.368813D-01  Symmetry=b1
              MO Center= -3.1D-17, -1.5D-33,  5.8D-02, r^2= 1.8D+00
   Bfn.  Coefficient  Atom+Function         Bfn.  Coefficient  Atom+Function  
  ----- ------------  ---------------      ----- ------------  ---------------
    16      0.895312  2 H  s                 21     -0.895312  3 H  s          
     7      0.717399  1 N  px                17     -0.472764  2 H  s          
    22      0.472764  3 H  s                 12     -0.260023  1 N  dxz        

 Vector    9  Occ=0.000000D+00  E= 8.349741D-01  Symmetry=a1
              MO Center=  9.7D-17, -2.7D-17,  4.7D-01, r^2= 1.5D+00
   Bfn.  Coefficient  Atom+Function         Bfn.  Coefficient  Atom+Function  
  ----- ------------  ---------------      ----- ------------  ---------------
    16      0.801178  2 H  s                 21      0.801178  3 H  s          
    17     -0.504373  2 H  s                 22     -0.504373  3 H  s          
     6     -0.293968  1 N  pz                18     -0.267530  2 H  px         
    23      0.267530  3 H  px                 2     -0.232333  1 N  s          
    10      0.173199  1 N  dxx                3      0.156701  1 N  s          

 Vector   10  Occ=0.000000D+00  E= 9.592938D-01  Symmetry=a1
              MO Center= -3.1D-17,  8.5D-19, -4.8D-01, r^2= 1.4D+00
   Bfn.  Coefficient  Atom+Function         Bfn.  Coefficient  Atom+Function  
  ----- ------------  ---------------      ----- ------------  ---------------
     9      1.292952  1 N  pz                 6     -0.811556  1 N  pz         
    16     -0.395841  2 H  s                 21     -0.395841  3 H  s          
     2      0.306147  1 N  s          

 Vector   11  Occ=0.000000D+00  E= 9.872618D-01  Symmetry=b2
              MO Center=  1.0D-35,  6.8D-19, -1.6D-01, r^2= 1.4D+00
   Bfn.  Coefficient  Atom+Function         Bfn.  Coefficient  Atom+Function  
  ----- ------------  ---------------      ----- ------------  ---------------
     8      1.091975  1 N  py                 5     -0.976694  1 N  py         

 Vector   12  Occ=0.000000D+00  E= 1.069000D+00  Symmetry=b1
              MO Center= -3.0D-15,  5.9D-17, -3.5D-02, r^2= 2.1D+00
   Bfn.  Coefficient  Atom+Function         Bfn.  Coefficient  Atom+Function  
  ----- ------------  ---------------      ----- ------------  ---------------
     7      1.782194  1 N  px                17      1.072993  2 H  s          
    22     -1.072993  3 H  s                  4     -0.828742  1 N  px         
    12      0.245003  1 N  dxz               18      0.233554  2 H  px         
    23      0.233554  3 H  px                20     -0.203864  2 H  pz         
    25      0.203864  3 H  pz         

 Vector   13  Occ=0.000000D+00  E= 1.232546D+00  Symmetry=a1
              MO Center=  2.2D-15, -1.2D-17,  2.8D-01, r^2= 1.8D+00
   Bfn.  Coefficient  Atom+Function         Bfn.  Coefficient  Atom+Function  
  ----- ------------  ---------------      ----- ------------  ---------------
     3      3.168767  1 N  s                  2     -1.352616  1 N  s          
    17     -0.712470  2 H  s                 22     -0.712470  3 H  s          
     1     -0.671061  1 N  s                  9      0.567323  1 N  pz         
    10     -0.336517  1 N  dxx               20      0.293379  2 H  pz         
    25      0.293379  3 H  pz                16     -0.264189  2 H  s          

 Vector   14  Occ=0.000000D+00  E= 1.404721D+00  Symmetry=a2
              MO Center= -7.2D-16, -1.9D-16,  3.5D-01, r^2= 1.1D+00
   Bfn.  Coefficient  Atom+Function         Bfn.  Coefficient  Atom+Function  
  ----- ------------  ---------------      ----- ------------  ---------------
    19      0.600086  2 H  py                24     -0.600086  3 H  py         
    11     -0.503486  1 N  dxy        

 Vector   15  Occ=0.000000D+00  E= 1.455453D+00  Symmetry=a1
              MO Center=  6.4D-16,  1.0D-17,  1.5D-01, r^2= 1.3D+00
   Bfn.  Coefficient  Atom+Function         Bfn.  Coefficient  Atom+Function  
  ----- ------------  ---------------      ----- ------------  ---------------
     3      1.844241  1 N  s                  9      0.881450  1 N  pz         
     2     -0.686667  1 N  s                 16     -0.507005  2 H  s          
    21     -0.507005  3 H  s                 15     -0.449431  1 N  dzz        
    20     -0.422392  2 H  pz                25     -0.422392  3 H  pz         
     1     -0.369856  1 N  s                 18     -0.330445  2 H  px         


 center of mass
 --------------
 x =   0.00000000 y =   0.00000000 z =  -0.11177493

 moments of inertia (a.u.)
 ------------------
           2.369319146271           0.000000000000           0.000000000000
           0.000000000000           6.972596768662           0.000000000000
           0.000000000000           0.000000000000           4.603277622391

  Mulliken analysis of the total density
  --------------------------------------

    Atom       Charge   Shell Charges
 -----------   ------   -------------------------------------------------------
    1 N    7     7.20   2.00  0.81  0.81  2.17  1.40  0.02
    2 H    1     0.90   0.73  0.11  0.06
    3 H    1     0.90   0.73  0.11  0.06

 Mulliken analysis of the open-shell density
 -------------------------------------------

    Atom       Charge   Shell Charges
 -----------   ------   -------------------------------------------------------
    1 N    7     0.98  -0.00  0.00  0.00  0.57  0.41  0.00
    2 H    1     0.01  -0.00  0.00  0.01
    3 H    1     0.01   0.00  0.00  0.01

       Multipole analysis of the density wrt the origin
       ------------------------------------------------

     L   x y z        total         open         nuclear
     -   - - -        -----         ----         -------
     0   0 0 0     -0.000000     -1.000000      9.000000

     1   1 0 0      0.000000      0.000000      0.000000
     1   0 1 0     -0.000000      0.000000      0.000000
     1   0 0 1      0.762386      0.206478      0.000000

     2   2 0 0     -3.967887     -0.558347      4.567537
     2   1 1 0      0.000000      0.000000      0.000000
     2   1 0 1      0.000000      0.000000      0.000000
     2   0 2 0     -5.016969     -1.585355      0.000000
     2   0 1 1      0.000000     -0.000000      0.000000
     2   0 0 2     -5.407241     -0.586897      2.091696


 Parallel integral file used       1 records with       0 large values


 Task  times  cpu:        0.1s     wall:        0.1s
 Summary of allocated global arrays
-----------------------------------
  No active global arrays



                         GA Statistics for process    0
                         ------------------------------

       create   destroy   get      put      acc     scatter   gather  read&inc
calls:   89       89     1931      935      287        0        0      102     
number of processes/call 1.00e+00 1.00e+00 1.00e+00 0.00e+00 0.00e+00
bytes total:             8.82e+05 4.09e+05 2.64e+05 0.00e+00 0.00e+00 8.16e+02
bytes remote:            0.00e+00 0.00e+00 0.00e+00 0.00e+00 0.00e+00 0.00e+00
Max memory consumed for GA by this process: 77504 bytes
MA_summarize_allocated_blocks: starting scan ...
MA_summarize_allocated_blocks: scan completed: 0 heap blocks, 0 stack blocks
MA usage statistics:

	allocation statistics:
					      heap	     stack
					      ----	     -----
	current number of blocks	         0	         0
	maximum number of blocks	        18	        14
	current total bytes		         0	         0
	maximum total bytes		   1061792	  16001064
	maximum total K-bytes		      1062	     16002
	maximum total M-bytes		         2	        17


                                NWChem Input Module
                                -------------------





                                     CITATION
                                     --------
                Please cite the following reference when publishing
                           results obtained with NWChem:

                 M. Valiev, E.J. Bylaska, N. Govind, K. Kowalski,
              T.P. Straatsma, H.J.J. van Dam, D. Wang, J. Nieplocha,
                        E. Apra, T.L. Windus, W.A. de Jong
                 "NWChem: a comprehensive and scalable open-source
                  solution for large scale molecular simulations"
                      Comput. Phys. Commun. 181, 1477 (2010)
                           doi:10.1016/j.cpc.2010.04.018

                                      AUTHORS
                                      -------
          E. Apra, E. J. Bylaska, W. A. de Jong, N. Govind, K. Kowalski,
       T. P. Straatsma, M. Valiev, H. J. J. van Dam, D. Wang, T. L. Windus,
        J. Hammond, J. Autschbach, K. Bhaskaran-Nair, J. Brabec, K. Lopata,
    S. A. Fischer, S. Krishnamoorthy, M. Jacquelin, W. Ma, M. Klemm, O. Villa,
      Y. Chen, V. Anisimov, F. Aquino, S. Hirata, M. T. Hackler, V. Konjkov,
            D. Mejia-Rodriguez, T. Risthaus, M. Malagoli, A. Marenich,
   A. Otero-de-la-Roza, J. Mullin, P. Nichols, R. Peverati, J. Pittner, Y. Zhao,
        P.-D. Fan, A. Fonari, M. J. Williamson, R. J. Harrison, J. R. Rehr,
      M. Dupuis, D. Silverstein, D. M. A. Smith, J. Nieplocha, V. Tipparaju,
    M. Krishnan, B. E. Van Kuiken, A. Vazquez-Mayagoitia, L. Jensen, M. Swart,
      Q. Wu, T. Van Voorhis, A. A. Auer, M. Nooijen, L. D. Crosby, E. Brown,
      G. Cisneros, G. I. Fann, H. Fruchtl, J. Garza, K. Hirao, R. A. Kendall,
      J. A. Nichols, K. Tsemekhman, K. Wolinski, J. Anchell, D. E. Bernholdt,
      P. Borowski, T. Clark, D. Clerc, H. Dachsel, M. J. O. Deegan, K. Dyall,
    D. Elwood, E. Glendening, M. Gutowski, A. C. Hess, J. Jaffe, B. G. Johnson,
     J. Ju, R. Kobayashi, R. Kutteh, Z. Lin, R. Littlefield, X. Long, B. Meng,
      T. Nakajima, S. Niu, L. Pollack, M. Rosing, K. Glaesemann, G. Sandrone,
      M. Stave, H. Taylor, G. Thomas, J. H. van Lenthe, A. T. Wong, Z. Zhang.

 Total times  cpu:        0.2s     wall:        0.2s
