 argument  1 = input.nw



============================== echo of input deck ==============================
echo

memory total 2000 global 1700 mb verify
geometry nocenter noautosym
O     0.000000000000    0.000000000000   -0.065638538099
H     0.000000000000   -0.757480611647    0.520865616174
H     0.000000000000    0.757480611647    0.520865616174
symmetry c2v
end

basis
* library 6-31g*
end

scf
 rhf
 thresh 1.0e-7 #Not the same as e_convergence and d_convergence
end

tce
 scf
 ccsdtq
 thresh 1.0e-7
end

task tce energy
================================================================================


                                         
                                         


              Northwest Computational Chemistry Package (NWChem) 6.8
              ------------------------------------------------------


                    Environmental Molecular Sciences Laboratory
                       Pacific Northwest National Laboratory
                                Richland, WA 99352

                              Copyright (c) 1994-2017
                       Pacific Northwest National Laboratory
                            Battelle Memorial Institute

             NWChem is an open-source computational chemistry package
                        distributed under the terms of the
                      Educational Community License (ECL) 2.0
             A copy of the license is included with this distribution
                              in the LICENSE.TXT file

                                  ACKNOWLEDGMENT
                                  --------------

            This software and its documentation were developed at the
            EMSL at Pacific Northwest National Laboratory, a multiprogram
            national laboratory, operated for the U.S. Department of Energy
            by Battelle under Contract Number DE-AC05-76RL01830. Support
            for this work was provided by the Department of Energy Office
            of Biological and Environmental Research, Office of Basic
            Energy Sciences, and the Office of Advanced Scientific Computing.


           Job information
           ---------------

    hostname        = twizzler.student.iastate.edu
    program         = nwchem
    date            = Thu Nov  1 15:04:09 2018

    compiled        = Wed_Oct_17_13:01:00_2018
    source          = /Users/alolinco/nwchem-6.8
    nwchem branch   = 6.8
    nwchem revision = v6.8-47-gdf6c95650
    ga revision     = ga-5.6.3
    use scalapack   = F
    input           = input.nw
    prefix          = input.
    data base       = ./input.db
    status          = startup
    nproc           =        1
    time left       =     -1s



           Memory information
           ------------------

    heap     =   19660796 doubles =    150.0 Mbytes
    stack    =   19660801 doubles =    150.0 Mbytes
    global   =  222822400 doubles =   1700.0 Mbytes (distinct from heap & stack)
    total    =  262143997 doubles =   2000.0 Mbytes
    verify   = yes
    hardfail = no 


           Directory information
           ---------------------

  0 permanent = .
  0 scratch   = .




                                NWChem Input Module
                                -------------------



 Scaling coordinates for geometry "geometry" by  1.889725989
 (inverse scale =  0.529177249)


          ------
          auto-z
          ------


                             Geometry "geometry" -> ""
                             -------------------------

 Output coordinates in angstroms (scale by  1.889725989 to convert to a.u.)

  No.       Tag          Charge          X              Y              Z
 ---- ---------------- ---------- -------------- -------------- --------------
    1 O                    8.0000     0.00000000     0.00000000    -0.06563854
    2 H                    1.0000     0.00000000    -0.75748061     0.52086562
    3 H                    1.0000     0.00000000     0.75748061     0.52086562

      Atomic Mass 
      ----------- 

      O                 15.994910
      H                  1.007825


 Effective nuclear repulsion energy (a.u.)       9.1873342402

            Nuclear Dipole moment (a.u.) 
            ----------------------------
        X                 Y               Z
 ---------------- ---------------- ----------------
     0.0000000000     0.0000000000     0.9762757725

      Symmetry information
      --------------------

 Group name             C2v       
 Group number             16
 Group order               4
 No. of unique centers     2

      Symmetry unique atoms

     1    2



                                Z-matrix (autoz)
                                -------- 

 Units are Angstrom for bonds and degrees for angles

      Type          Name      I     J     K     L     M      Value
      ----------- --------  ----- ----- ----- ----- ----- ----------
    1 Stretch                  1     2                       0.95800
    2 Stretch                  1     3                       0.95800
    3 Bend                     2     1     3               104.50000


            XYZ format geometry
            -------------------
     3
 geometry
 O                     0.00000000     0.00000000    -0.06563854
 H                     0.00000000    -0.75748061     0.52086562
 H                     0.00000000     0.75748061     0.52086562

 ==============================================================================
                                internuclear distances
 ------------------------------------------------------------------------------
       center one      |      center two      | atomic units |  angstroms
 ------------------------------------------------------------------------------
    2 H                |   1 O                |     1.81036  |     0.95800
    3 H                |   1 O                |     1.81036  |     0.95800
 ------------------------------------------------------------------------------
                         number of included internuclear distances:          2
 ==============================================================================



 ==============================================================================
                                 internuclear angles
 ------------------------------------------------------------------------------
        center 1       |       center 2       |       center 3       |  degrees
 ------------------------------------------------------------------------------
    2 H                |   1 O                |   3 H                |   104.50
 ------------------------------------------------------------------------------
                            number of included internuclear angles:          1
 ==============================================================================





 Summary of "ao basis" -> "" (cartesian)
 ------------------------------------------------------------------------------
       Tag                 Description            Shells   Functions and Types
 ---------------- ------------------------------  ------  ---------------------
 *                           6-31g*                   on all atoms 


                      Basis "ao basis" -> "ao basis" (cartesian)
                      -----
  O (Oxygen)
  ----------
            Exponent  Coefficients 
       -------------- ---------------------------------------------------------
  1 S  5.48467170E+03  0.001831
  1 S  8.25234950E+02  0.013950
  1 S  1.88046960E+02  0.068445
  1 S  5.29645000E+01  0.232714
  1 S  1.68975700E+01  0.470193
  1 S  5.79963530E+00  0.358521

  2 S  1.55396160E+01 -0.110778
  2 S  3.59993360E+00 -0.148026
  2 S  1.01376180E+00  1.130767

  3 P  1.55396160E+01  0.070874
  3 P  3.59993360E+00  0.339753
  3 P  1.01376180E+00  0.727159

  4 S  2.70005800E-01  1.000000

  5 P  2.70005800E-01  1.000000

  6 D  8.00000000E-01  1.000000

  H (Hydrogen)
  ------------
            Exponent  Coefficients 
       -------------- ---------------------------------------------------------
  1 S  1.87311370E+01  0.033495
  1 S  2.82539370E+00  0.234727
  1 S  6.40121700E-01  0.813757

  2 S  1.61277800E-01  1.000000



 Summary of "ao basis" -> "ao basis" (cartesian)
 ------------------------------------------------------------------------------
       Tag                 Description            Shells   Functions and Types
 ---------------- ------------------------------  ------  ---------------------
 O                           6-31g*                  6       15   3s2p1d
 H                           6-31g*                  2        2   2s


                                 NWChem SCF Module
                                 -----------------



  ao basis        = "ao basis"
  functions       =    19
  atoms           =     3
  closed shells   =     5
  open shells     =     0
  charge          =   0.00
  wavefunction    = RHF 
  input vectors   = atomic
  output vectors  = ./input.movecs
  use symmetry    = T
  symmetry adapt  = T


 Summary of "ao basis" -> "ao basis" (cartesian)
 ------------------------------------------------------------------------------
       Tag                 Description            Shells   Functions and Types
 ---------------- ------------------------------  ------  ---------------------
 O                           6-31g*                  6       15   3s2p1d
 H                           6-31g*                  2        2   2s


      Symmetry analysis of basis
      --------------------------

        a1         10
        a2          1
        b1          3
        b2          5


 Forming initial guess at       0.1s


      Superposition of Atomic Density Guess
      -------------------------------------

 Sum of atomic energies:         -75.75081731

      Non-variational initial energy
      ------------------------------

 Total energy =     -75.917957
 1-e energy   =    -121.722004
 2-e energy   =      36.616713
 HOMO         =      -0.470156
 LUMO         =       0.114574


      Symmetry analysis of molecular orbitals - initial
      -------------------------------------------------

  Numbering of irreducible representations: 

     1 a1          2 a2          3 b1          4 b2      

  Orbital symmetries:

     1 a1          2 a1          3 b2          4 a1          5 b1      
     6 a1          7 b2          8 b2          9 a1         10 b1      
    11 a1         12 b2         13 a1         14 a1         15 a2      


 Starting SCF solution at       0.2s



 ----------------------------------------------
         Quadratically convergent ROHF

 Convergence threshold     :          1.000E-07
 Maximum no. of iterations :           30
 Final Fock-matrix accuracy:          1.000E-09
 ----------------------------------------------


 #quartets = 1.009D+03 #integrals = 5.756D+03 #direct =  0.0% #cached =100.0%


 Integral file          = ./input.aoints.0
 Record size in doubles =    65536    No. of integs per rec  =    43688
 Max. records in memory =        2    Max. records in file   =  1820714
 No. of bits per label  =        8    No. of bits per value  =       64


              iter       energy          gnorm     gmax       time
             ----- ------------------- --------- --------- --------
                 1      -75.9747059940  8.31D-01  3.41D-01      0.2
                 2      -76.0080522872  1.84D-01  1.02D-01      0.2
                 3      -76.0103775812  4.09D-02  2.40D-02      0.3
                 4      -76.0104960660  1.64D-03  9.33D-04      0.3
                 5      -76.0104963071  2.30D-06  9.69D-07      0.3
                 6      -76.0104963071  4.65D-09  2.36D-09      0.3


       Final RHF  results 
       ------------------ 

         Total SCF energy =    -76.010496307079
      One-electron energy =   -123.041302411227
      Two-electron energy =     37.843471863984
 Nuclear repulsion energy =      9.187334240165

        Time for solution =      0.2s



       Symmetry analysis of molecular orbitals - final
       -----------------------------------------------

  Numbering of irreducible representations: 

     1 a1          2 a2          3 b1          4 b2      

  Orbital symmetries:

     1 a1          2 a1          3 b2          4 a1          5 b1      
     6 a1          7 b2          8 b2          9 a1         10 b1      
    11 a1         12 b2         13 a1         14 a1         15 a2      

             Final eigenvalues
             -----------------

              1      
    1  -20.5605
    2   -1.3414
    3   -0.7065
    4   -0.5709
    5   -0.4979
    6    0.2106
    7    0.3040
    8    1.0222
    9    1.1315
   10    1.1678
   11    1.1710
   12    1.3806
   13    1.4341
   14    2.0203
   15    2.0340

                       ROHF Final Molecular Orbital Analysis
                       -------------------------------------

 Vector    2  Occ=2.000000D+00  E=-1.341405D+00  Symmetry=a1
              MO Center=  8.3D-18, -9.5D-17,  1.1D-01, r^2= 5.0D-01
   Bfn.  Coefficient  Atom+Function         Bfn.  Coefficient  Atom+Function  
  ----- ------------  ---------------      ----- ------------  ---------------
     2      0.475891  1 O  s                  6      0.439654  1 O  s          
     1     -0.209704  1 O  s          

 Vector    3  Occ=2.000000D+00  E=-7.064718D-01  Symmetry=b2
              MO Center=  3.3D-18,  7.6D-17,  1.5D-01, r^2= 7.7D-01
   Bfn.  Coefficient  Atom+Function         Bfn.  Coefficient  Atom+Function  
  ----- ------------  ---------------      ----- ------------  ---------------
     4      0.507475  1 O  py                 8      0.306693  1 O  py         
    16     -0.230862  2 H  s                 18      0.230862  3 H  s          

 Vector    4  Occ=2.000000D+00  E=-5.709039D-01  Symmetry=a1
              MO Center=  5.5D-17, -4.3D-18, -1.2D-01, r^2= 6.9D-01
   Bfn.  Coefficient  Atom+Function         Bfn.  Coefficient  Atom+Function  
  ----- ------------  ---------------      ----- ------------  ---------------
     5      0.555308  1 O  pz                 9      0.403174  1 O  pz         
     6     -0.325343  1 O  s                  2     -0.164548  1 O  s          

 Vector    5  Occ=2.000000D+00  E=-4.978584D-01  Symmetry=b1
              MO Center=  9.8D-17, -6.2D-17, -4.6D-02, r^2= 6.0D-01
   Bfn.  Coefficient  Atom+Function         Bfn.  Coefficient  Atom+Function  
  ----- ------------  ---------------      ----- ------------  ---------------
     3      0.639642  1 O  px                 7      0.511444  1 O  px         

 Vector    6  Occ=0.000000D+00  E= 2.105785D-01  Symmetry=a1
              MO Center= -8.9D-18,  0.0D+00,  7.0D-01, r^2= 2.6D+00
   Bfn.  Coefficient  Atom+Function         Bfn.  Coefficient  Atom+Function  
  ----- ------------  ---------------      ----- ------------  ---------------
     6      1.413198  1 O  s                 17     -1.040479  2 H  s          
    19     -1.040479  3 H  s                  9      0.508432  1 O  pz         
     5      0.217485  1 O  pz         

 Vector    7  Occ=0.000000D+00  E= 3.039535D-01  Symmetry=b2
              MO Center=  2.5D-17,  1.1D-15,  6.7D-01, r^2= 2.7D+00
   Bfn.  Coefficient  Atom+Function         Bfn.  Coefficient  Atom+Function  
  ----- ------------  ---------------      ----- ------------  ---------------
    17      1.392854  2 H  s                 19     -1.392854  3 H  s          
     8      0.833296  1 O  py                 4      0.329608  1 O  py         

 Vector    8  Occ=0.000000D+00  E= 1.022228D+00  Symmetry=b2
              MO Center= -7.5D-17,  1.7D-15,  1.0D-01, r^2= 1.5D+00
   Bfn.  Coefficient  Atom+Function         Bfn.  Coefficient  Atom+Function  
  ----- ------------  ---------------      ----- ------------  ---------------
    16      0.838964  2 H  s                 18     -0.838964  3 H  s          
     8      0.658248  1 O  py                17     -0.462615  2 H  s          
    19      0.462615  3 H  s                 14     -0.343335  1 O  dyz        

 Vector    9  Occ=0.000000D+00  E= 1.131541D+00  Symmetry=a1
              MO Center= -4.0D-16, -7.7D-16, -1.3D-01, r^2= 1.6D+00
   Bfn.  Coefficient  Atom+Function         Bfn.  Coefficient  Atom+Function  
  ----- ------------  ---------------      ----- ------------  ---------------
     6      1.634691  1 O  s                  2     -0.921792  1 O  s          
     9     -0.701526  1 O  pz                16      0.557323  2 H  s          
    18      0.557323  3 H  s                 17     -0.480265  2 H  s          
    19     -0.480265  3 H  s                  5      0.408254  1 O  pz         
    10     -0.388441  1 O  dxx               15     -0.317084  1 O  dzz        

 Vector   10  Occ=0.000000D+00  E= 1.167786D+00  Symmetry=b1
              MO Center=  2.6D-15, -5.3D-17, -6.2D-02, r^2= 1.1D+00
   Bfn.  Coefficient  Atom+Function         Bfn.  Coefficient  Atom+Function  
  ----- ------------  ---------------      ----- ------------  ---------------
     7     -1.036062  1 O  px                 3      0.962728  1 O  px         

 Vector   11  Occ=0.000000D+00  E= 1.170958D+00  Symmetry=a1
              MO Center= -9.2D-16, -1.3D-15,  7.7D-02, r^2= 1.1D+00
   Bfn.  Coefficient  Atom+Function         Bfn.  Coefficient  Atom+Function  
  ----- ------------  ---------------      ----- ------------  ---------------
     5      0.766347  1 O  pz                16     -0.653558  2 H  s          
    18     -0.653558  3 H  s                  6      0.485201  1 O  s          
     9     -0.380494  1 O  pz                17      0.351467  2 H  s          
    19      0.351467  3 H  s                 13     -0.251584  1 O  dyy        

 Vector   12  Occ=0.000000D+00  E= 1.380585D+00  Symmetry=b2
              MO Center=  1.5D-31,  1.5D-16, -6.5D-03, r^2= 1.4D+00
   Bfn.  Coefficient  Atom+Function         Bfn.  Coefficient  Atom+Function  
  ----- ------------  ---------------      ----- ------------  ---------------
     8      1.537172  1 O  py                 4     -1.037109  1 O  py         
    17      0.912872  2 H  s                 19     -0.912872  3 H  s          

 Vector   13  Occ=0.000000D+00  E= 1.434056D+00  Symmetry=a1
              MO Center= -1.4D-15, -5.1D-16,  4.4D-01, r^2= 1.3D+00
   Bfn.  Coefficient  Atom+Function         Bfn.  Coefficient  Atom+Function  
  ----- ------------  ---------------      ----- ------------  ---------------
     6      3.568825  1 O  s                  2     -1.416773  1 O  s          
     9      1.174952  1 O  pz                17     -0.782907  2 H  s          
    19     -0.782907  3 H  s                 13     -0.644343  1 O  dyy        
     5     -0.507257  1 O  pz                15     -0.402128  1 O  dzz        
    16     -0.323719  2 H  s                 18     -0.323719  3 H  s          

 Vector   14  Occ=0.000000D+00  E= 2.020281D+00  Symmetry=a1
              MO Center= -1.4D-16, -8.6D-17, -1.1D-01, r^2= 6.2D-01
   Bfn.  Coefficient  Atom+Function         Bfn.  Coefficient  Atom+Function  
  ----- ------------  ---------------      ----- ------------  ---------------
    15      1.008777  1 O  dzz               13     -0.580887  1 O  dyy        
    10     -0.366504  1 O  dxx                6     -0.226754  1 O  s          

 Vector   15  Occ=0.000000D+00  E= 2.033978D+00  Symmetry=a2
              MO Center=  4.4D-17, -9.4D-17, -6.6D-02, r^2= 6.1D-01
   Bfn.  Coefficient  Atom+Function         Bfn.  Coefficient  Atom+Function  
  ----- ------------  ---------------      ----- ------------  ---------------
    11      1.732051  1 O  dxy        


 center of mass
 --------------
 x =   0.00000000 y =   0.00000000 z =   0.00000003

 moments of inertia (a.u.)
 ------------------
           6.328975696429           0.000000000000           0.000000000000
           0.000000000000           2.198920681254           0.000000000000
           0.000000000000           0.000000000000           4.130055015175

  Mulliken analysis of the total density
  --------------------------------------

    Atom       Charge   Shell Charges
 -----------   ------   -------------------------------------------------------
    1 O    8     8.87   2.00  0.90  2.89  0.92  2.07  0.08
    2 H    1     0.57   0.46  0.10
    3 H    1     0.57   0.46  0.10

       Multipole analysis of the density wrt the origin
       ------------------------------------------------

     L   x y z        total         open         nuclear
     -   - - -        -----         ----         -------
     0   0 0 0     -0.000000      0.000000     10.000000

     1   1 0 0     -0.000000      0.000000      0.000000
     1   0 1 0      0.000000      0.000000      0.000000
     1   0 0 1      0.875724      0.000000      0.976276

     2   2 0 0     -5.373932      0.000000      0.000000
     2   1 1 0     -0.000000      0.000000      0.000000
     2   1 0 1     -0.000000      0.000000      0.000000
     2   0 2 0     -3.070694      0.000000      4.097988
     2   0 1 1     -0.000000      0.000000      0.000000
     2   0 0 2     -4.273652      0.000000      2.060752


 Parallel integral file used       1 records with       0 large values

                   NWChem Extensible Many-Electron Theory Module
                   ---------------------------------------------

              ======================================================
                   This portion of the program was automatically
                  generated by a Tensor Contraction Engine (TCE).
                  The development of this portion of the program
                 and TCE was supported by US Department of Energy,
                Office of Science, Office of Basic Energy Science.
                      TCE is a product of Battelle and PNNL.
              Please cite: S.Hirata, J.Phys.Chem.A 107, 9887 (2003).
              ======================================================

            General Information
            -------------------
      Number of processors :     1
         Wavefunction type : Restricted Hartree-Fock
          No. of electrons :    10
           Alpha electrons :     5
            Beta electrons :     5
           No. of orbitals :    38
            Alpha orbitals :    19
             Beta orbitals :    19
        Alpha frozen cores :     0
         Beta frozen cores :     0
     Alpha frozen virtuals :     0
      Beta frozen virtuals :     0
         Spin multiplicity : singlet 
    Number of AO functions :    19
       Number of AO shells :    10
        Use of symmetry is : on 
      Symmetry adaption is : on 
         Schwarz screening : 0.10D-09

          Correlation Information
          -----------------------
          Calculation type : Coupled-cluster singles, doubles, triples, & quadruples     
   Perturbative correction : none                                                        
            Max iterations :      100
        Residual threshold : 0.10D-06
     T(0) DIIS level shift : 0.00D+00
     L(0) DIIS level shift : 0.00D+00
     T(1) DIIS level shift : 0.00D+00
     L(1) DIIS level shift : 0.00D+00
     T(R) DIIS level shift : 0.00D+00
     T(I) DIIS level shift : 0.00D+00
   CC-T/L Amplitude update :  5-th order DIIS
                I/O scheme : Global Array Library
        L-threshold :  0.10D-06
        EOM-threshold :  0.10D-06
 no EOMCCSD initial starts read in
 TCE RESTART OPTIONS
 READ_INT:   F
 WRITE_INT:  F
 READ_TA:    F
 WRITE_TA:   F
 READ_XA:    F
 WRITE_XA:   F
 READ_IN3:   F
 WRITE_IN3:  F
 SLICE:      F
 D4D5:       F

            Memory Information
            ------------------
          Available GA space size is     222822039 doubles
          Available MA space size is      39319988 doubles

 Maximum block size        12 doubles

 tile_dim =      7

 Block   Spin    Irrep     Size     Offset   Alpha
 -------------------------------------------------
   1    alpha     a1     3 doubles       0       1
   2    alpha     b1     1 doubles       3       2
   3    alpha     b2     1 doubles       4       3
   4    beta      a1     3 doubles       5       1
   5    beta      b1     1 doubles       8       2
   6    beta      b2     1 doubles       9       3
   7    alpha     a1     7 doubles      10       7
   8    alpha     a2     1 doubles      17       8
   9    alpha     b1     2 doubles      18       9
  10    alpha     b2     4 doubles      20      10
  11    beta      a1     7 doubles      24       7
  12    beta      a2     1 doubles      31       8
  13    beta      b1     2 doubles      32       9
  14    beta      b2     4 doubles      34      10

 Global array virtual files algorithm will be used

 Parallel file system coherency ......... OK

 #quartets = 1.540D+03 #integrals = 8.874D+03 #direct =  0.0% #cached =100.0%


 Integral file          = ./input.aoints.0
 Record size in doubles =    65536    No. of integs per rec  =    43688
 Max. records in memory =        2    Max. records in file   =  1820714
 No. of bits per label  =        8    No. of bits per value  =       64


 Fock matrix recomputed
 1-e file size   =              135
 1-e file name   = ./input.f1
 Cpu & wall time / sec            0.0            0.0

 tce_ao2e: fast2e=1
 half-transformed integrals in memory

 2-e (intermediate) file size =          289883
 2-e (intermediate) file name = ./input.v2i
 Cpu & wall time / sec            0.1            0.1

 tce_mo2e: fast2e=1
 2-e integrals stored in memory

 2-e file size   =            53184
 2-e file name   = ./input.v2
 Cpu & wall time / sec            0.2            0.2
 T1-number-of-tasks                    3

 t1 file size   =               27
 t1 file name   = ./input.t1
 t1 file handle =       -999
 T2-number-of-boxes                   54

 t2 file size   =             2335
 t2 file name   = ./input.t2
 t2 file handle =       -996

 t3 file size   =           116526
 t3 file name   = ./input.t3

 t4 file size   =          4548404
 t4 file name   = ./input.t4

 CCSDTQ iterations
 --------------------------------------------------------
 Iter          Residuum       Correlation     Cpu    Wall
 --------------------------------------------------------
    1   0.2822687118854  -0.1885392101943    45.7    45.7
    2   0.1354228385221  -0.1929883151689    45.1    45.1
    3   0.0331074899924  -0.1984284908899    45.2    45.2
    4   0.0200886842014  -0.1990957926367    47.5    47.5
    5   0.0069966252523  -0.1996224378399    48.2    48.2
 MICROCYCLE DIIS UPDATE:                    5                    5
    6   0.0040622955976  -0.1998190143472    46.8    46.8
    7   0.0016172765423  -0.1998656843217    45.5    45.5
    8   0.0007196930784  -0.1998665397544    45.5    45.5
    9   0.0004020009907  -0.1998694206159    46.0    46.0
   10   0.0001928362238  -0.1998706112246    45.3    45.3
 MICROCYCLE DIIS UPDATE:                   10                    5
   11   0.0000563002108  -0.1998717211471    46.1    46.1
   12   0.0000223585664  -0.1998721540926    46.2    46.2
   13   0.0000089921741  -0.1998723336176    45.9    45.9
   14   0.0000051449366  -0.1998723164498    46.1    46.1
   15   0.0000022498556  -0.1998723327974    45.4    45.4
 MICROCYCLE DIIS UPDATE:                   15                    5
   16   0.0000009341403  -0.1998723205437    45.6    45.6
   17   0.0000003699774  -0.1998723327600    45.7    45.7
   18   0.0000001561313  -0.1998723334838    46.1    46.1
   19   0.0000000859175  -0.1998723342991    46.4    46.4
 --------------------------------------------------------
 Iterations converged
 CCSDTQ correlation energy / hartree =        -0.199872334299139
 CCSDTQ total energy / hartree       =       -76.210368641377713

 Singles contributions

 Doubles contributions

 Parallel integral file used       1 records with       0 large values


 Task  times  cpu:      889.3s     wall:      889.3s
 Summary of allocated global arrays
-----------------------------------
  No active global arrays



                         GA Statistics for process    0
                         ------------------------------

       create   destroy   get      put      acc     scatter   gather  read&inc
calls: 2650     2650     3.49e+07 3571     1.42e+07    0        0     1.67e+06 
number of processes/call 1.00e+00 1.00e+00 1.00e+00 0.00e+00 0.00e+00
bytes total:             1.36e+11 1.46e+09 1.65e+11 0.00e+00 0.00e+00 1.34e+07
bytes remote:            0.00e+00 0.00e+00 0.00e+00 0.00e+00 0.00e+00 0.00e+00
Max memory consumed for GA by this process: 499030160 bytes
MA_summarize_allocated_blocks: starting scan ...
MA_summarize_allocated_blocks: scan completed: 0 heap blocks, 0 stack blocks
MA usage statistics:

	allocation statistics:
					      heap	     stack
					      ----	     -----
	current number of blocks	         0	         0
	maximum number of blocks	        18	        28
	current total bytes		         0	         0
	maximum total bytes		   1060312	  36455080
	maximum total K-bytes		      1061	     36456
	maximum total M-bytes		         2	        37


                                NWChem Input Module
                                -------------------





                                     CITATION
                                     --------
                Please cite the following reference when publishing
                           results obtained with NWChem:

                 M. Valiev, E.J. Bylaska, N. Govind, K. Kowalski,
              T.P. Straatsma, H.J.J. van Dam, D. Wang, J. Nieplocha,
                        E. Apra, T.L. Windus, W.A. de Jong
                 "NWChem: a comprehensive and scalable open-source
                  solution for large scale molecular simulations"
                      Comput. Phys. Commun. 181, 1477 (2010)
                           doi:10.1016/j.cpc.2010.04.018

                                      AUTHORS
                                      -------
          E. Apra, E. J. Bylaska, W. A. de Jong, N. Govind, K. Kowalski,
       T. P. Straatsma, M. Valiev, H. J. J. van Dam, D. Wang, T. L. Windus,
        J. Hammond, J. Autschbach, K. Bhaskaran-Nair, J. Brabec, K. Lopata,
    S. A. Fischer, S. Krishnamoorthy, M. Jacquelin, W. Ma, M. Klemm, O. Villa,
      Y. Chen, V. Anisimov, F. Aquino, S. Hirata, M. T. Hackler, V. Konjkov,
            D. Mejia-Rodriguez, T. Risthaus, M. Malagoli, A. Marenich,
   A. Otero-de-la-Roza, J. Mullin, P. Nichols, R. Peverati, J. Pittner, Y. Zhao,
        P.-D. Fan, A. Fonari, M. J. Williamson, R. J. Harrison, J. R. Rehr,
      M. Dupuis, D. Silverstein, D. M. A. Smith, J. Nieplocha, V. Tipparaju,
    M. Krishnan, B. E. Van Kuiken, A. Vazquez-Mayagoitia, L. Jensen, M. Swart,
      Q. Wu, T. Van Voorhis, A. A. Auer, M. Nooijen, L. D. Crosby, E. Brown,
      G. Cisneros, G. I. Fann, H. Fruchtl, J. Garza, K. Hirao, R. A. Kendall,
      J. A. Nichols, K. Tsemekhman, K. Wolinski, J. Anchell, D. E. Bernholdt,
      P. Borowski, T. Clark, D. Clerc, H. Dachsel, M. J. O. Deegan, K. Dyall,
    D. Elwood, E. Glendening, M. Gutowski, A. C. Hess, J. Jaffe, B. G. Johnson,
     J. Ju, R. Kobayashi, R. Kutteh, Z. Lin, R. Littlefield, X. Long, B. Meng,
      T. Nakajima, S. Niu, L. Pollack, M. Rosing, K. Glaesemann, G. Sandrone,
      M. Stave, H. Taylor, G. Thomas, J. H. van Lenthe, A. T. Wong, Z. Zhang.

 Total times  cpu:      889.3s     wall:      889.3s
